post-01.png
post-02.png
post-03.png
post-04.png
post-05.png
post-06.png
post-07.png
post-08.png
post-09.png
post-10.png
post-11.png
post-12.png
post-13.png
post-14.png
post-15.png
q-01.png
q-02.mp4
q-02b.mp4
q-02c.mp4
q-02d.mp4
q-02e.mp4
q-02f.mp4
q-02g.mp4
q-02h.mp4
q-02i.mp4
q-02j.mp4
q-02k.mp4
q-02l.mp4
q-02m.mp4
q-02n.mp4
q-03.mp4
q-03.png
q-04.mp4
q-04.png
q-05.mp4
q-06.mp4
q-06.png
q-07.mp4
q-07.png
q-08.mp4
q-09.mp4
q-09.png
q-10.mp4
q-11.mp4
q-11.png
q-12.mp4
q-12.png
q-13.mp4
q-14.mp4
q-101.mp4
q-102.mp4
